// Vitest Snapshot v1, https://vitest.dev/guide/snapshot.html

exports[`should render Dashboard correctly 1`] = `
<DocumentFragment>
  <div>
    <h1>
      <div
        style="padding: 10px; max-width: 600px; margin: 10px;"
      >
        <input
          placeholder="Search"
          style="width: 40%; padding: 8px; margin-bottom: 10px; box-sizing: border-box;"
          type="text"
          value=""
        />
        <div
          class="MuiInputBase-root MuiOutlinedInput-root MuiInputBase-colorPrimary MuiSelect-root css-2wg6fu-MuiInputBase-root-MuiOutlinedInput-root-MuiSelect-root"
        >
          <div
            aria-expanded="false"
            aria-haspopup="listbox"
            class="MuiSelect-select MuiSelect-outlined MuiInputBase-input MuiOutlinedInput-input css-w76bbz-MuiSelect-select-MuiInputBase-input-MuiOutlinedInput-input"
            role="combobox"
            tabindex="0"
          >
            <em
              style="color: black;"
            >
              Sort By
            </em>
          </div>
          <input
            aria-hidden="true"
            aria-invalid="false"
            class="MuiSelect-nativeInput css-j0riat-MuiSelect-nativeInput"
            tabindex="-1"
            value=""
          />
          <svg
            aria-hidden="true"
            class="MuiSvgIcon-root MuiSvgIcon-fontSizeMedium MuiSelect-icon MuiSelect-iconOutlined css-lohd6h-MuiSvgIcon-root-MuiSelect-icon"
            data-testid="ArrowDropDownIcon"
            focusable="false"
            viewBox="0 0 24 24"
          >
            <path
              d="M7 10l5 5 5-5z"
            />
          </svg>
          <fieldset
            aria-hidden="true"
            class="MuiOutlinedInput-notchedOutline css-1ll44ll-MuiOutlinedInput-notchedOutline"
          >
            <legend
              class="css-w4cd9x"
            >
              <span
                aria-hidden="true"
                class="notranslate"
              >
                â€‹
              </span>
            </legend>
          </fieldset>
        </div>
        <div
          style="display: flex; gap: 20px; align-items: center;"
        >
          <div
            style="position: relative;"
          >
            <div
              class="MuiFormControl-root MuiFormControl-marginDense MuiTextField-root css-sk08ro-MuiFormControl-root-MuiTextField-root"
            >
              <label
                class="MuiFormLabel-root MuiInputLabel-root MuiInputLabel-formControl MuiInputLabel-animated MuiInputLabel-sizeMedium MuiInputLabel-outlined MuiFormLabel-colorPrimary Mui-disabled MuiInputLabel-root MuiInputLabel-formControl MuiInputLabel-animated MuiInputLabel-sizeMedium MuiInputLabel-outlined css-19qnlrw-MuiFormLabel-root-MuiInputLabel-root"
                data-shrink="false"
                for=":r1:"
                id=":r1:-label"
              >
                Start Date
              </label>
              <div
                class="MuiInputBase-root MuiOutlinedInput-root MuiInputBase-colorPrimary Mui-disabled MuiInputBase-formControl MuiInputBase-adornedEnd css-jupps9-MuiInputBase-root-MuiOutlinedInput-root"
              >
                <input
                  aria-invalid="false"
                  autocomplete="off"
                  class="MuiInputBase-input MuiOutlinedInput-input Mui-disabled MuiInputBase-inputAdornedEnd css-1dune0f-MuiInputBase-input-MuiOutlinedInput-input"
                  disabled=""
                  id=":r1:"
                  inputmode="text"
                  placeholder="MM/DD/YYYY"
                  type="text"
                  value=""
                />
                <div
                  class="MuiInputAdornment-root MuiInputAdornment-positionEnd MuiInputAdornment-outlined MuiInputAdornment-sizeMedium css-elo8k2-MuiInputAdornment-root"
                >
                  <button
                    aria-label="Choose date"
                    class="MuiButtonBase-root Mui-disabled MuiIconButton-root Mui-disabled MuiIconButton-edgeEnd MuiIconButton-sizeMedium css-1ysp02-MuiButtonBase-root-MuiIconButton-root"
                    disabled=""
                    id=":r3:"
                    tabindex="-1"
                    type="button"
                  >
                    <svg
                      aria-hidden="true"
                      class="MuiSvgIcon-root MuiSvgIcon-fontSizeMedium css-1umw9bq-MuiSvgIcon-root"
                      data-testid="CalendarIcon"
                      focusable="false"
                      viewBox="0 0 24 24"
                    >
                      <path
                        d="M17 12h-5v5h5v-5zM16 1v2H8V1H6v2H5c-1.11 0-1.99.9-1.99 2L3 19c0 1.1.89 2 2 2h14c1.1 0 2-.9 2-2V5c0-1.1-.9-2-2-2h-1V1h-2zm3 18H5V8h14v11z"
                      />
                    </svg>
                  </button>
                </div>
                <fieldset
                  aria-hidden="true"
                  class="MuiOutlinedInput-notchedOutline css-1ll44ll-MuiOutlinedInput-notchedOutline"
                >
                  <legend
                    class="css-81qg8w"
                  >
                    <span>
                      Start Date
                    </span>
                  </legend>
                </fieldset>
              </div>
            </div>
          </div>
          <div
            style="position: relative;"
          >
            <div
              class="MuiFormControl-root MuiFormControl-marginDense MuiTextField-root css-sk08ro-MuiFormControl-root-MuiTextField-root"
            >
              <label
                class="MuiFormLabel-root MuiInputLabel-root MuiInputLabel-formControl MuiInputLabel-animated MuiInputLabel-sizeMedium MuiInputLabel-outlined MuiFormLabel-colorPrimary Mui-disabled MuiInputLabel-root MuiInputLabel-formControl MuiInputLabel-animated MuiInputLabel-sizeMedium MuiInputLabel-outlined css-19qnlrw-MuiFormLabel-root-MuiInputLabel-root"
                data-shrink="false"
                for=":r4:"
                id=":r4:-label"
              >
                End Date
              </label>
              <div
                class="MuiInputBase-root MuiOutlinedInput-root MuiInputBase-colorPrimary Mui-disabled MuiInputBase-formControl MuiInputBase-adornedEnd css-jupps9-MuiInputBase-root-MuiOutlinedInput-root"
              >
                <input
                  aria-invalid="false"
                  autocomplete="off"
                  class="MuiInputBase-input MuiOutlinedInput-input Mui-disabled MuiInputBase-inputAdornedEnd css-1dune0f-MuiInputBase-input-MuiOutlinedInput-input"
                  disabled=""
                  id=":r4:"
                  inputmode="text"
                  placeholder="MM/DD/YYYY"
                  type="text"
                  value=""
                />
                <div
                  class="MuiInputAdornment-root MuiInputAdornment-positionEnd MuiInputAdornment-outlined MuiInputAdornment-sizeMedium css-elo8k2-MuiInputAdornment-root"
                >
                  <button
                    aria-label="Choose date"
                    class="MuiButtonBase-root Mui-disabled MuiIconButton-root Mui-disabled MuiIconButton-edgeEnd MuiIconButton-sizeMedium css-1ysp02-MuiButtonBase-root-MuiIconButton-root"
                    disabled=""
                    id=":r6:"
                    tabindex="-1"
                    type="button"
                  >
                    <svg
                      aria-hidden="true"
                      class="MuiSvgIcon-root MuiSvgIcon-fontSizeMedium css-1umw9bq-MuiSvgIcon-root"
                      data-testid="CalendarIcon"
                      focusable="false"
                      viewBox="0 0 24 24"
                    >
                      <path
                        d="M17 12h-5v5h5v-5zM16 1v2H8V1H6v2H5c-1.11 0-1.99.9-1.99 2L3 19c0 1.1.89 2 2 2h14c1.1 0 2-.9 2-2V5c0-1.1-.9-2-2-2h-1V1h-2zm3 18H5V8h14v11z"
                      />
                    </svg>
                  </button>
                </div>
                <fieldset
                  aria-hidden="true"
                  class="MuiOutlinedInput-notchedOutline css-1ll44ll-MuiOutlinedInput-notchedOutline"
                >
                  <legend
                    class="css-81qg8w"
                  >
                    <span>
                      End Date
                    </span>
                  </legend>
                </fieldset>
              </div>
            </div>
          </div>
        </div>
      </div>
      <div>
        <h1>
          Expense List!
        </h1>
      </div>
    </h1>
  </div>
</DocumentFragment>
`;
