// Vitest Snapshot v1, https://vitest.dev/guide/snapshot.html

exports[`should render notFoundPage 1`] = `
<DocumentFragment>
  <div>
    404! 
    <a
      data-discover="true"
      href="/"
    >
       Go Home
    </a>
  </div>
</DocumentFragment>
`;
